This file contains any messages produced by compilers while
running configure, to aid debugging if configure makes a mistake.

It was created by caenferslib configure 1.3.0, which was
generated by GNU Autoconf 2.69.  Invocation command line was

  $ ./configure 

## --------- ##
## Platform. ##
## --------- ##

hostname = Corentin
uname -m = x86_64
uname -r = 6.6.87.2-microsoft-standard-WSL2
uname -s = Linux
uname -v = #1 SMP PREEMPT_DYNAMIC Thu Jun  5 18:30:46 UTC 2025

/usr/bin/uname -p = unknown
/bin/uname -X     = unknown

/bin/arch              = x86_64
/usr/bin/arch -k       = unknown
/usr/convex/getsysinfo = unknown
/usr/bin/hostinfo      = unknown
/bin/machine           = unknown
/usr/bin/oslevel       = unknown
/bin/universe          = unknown

PATH: /home/corentin/.vscode-server/bin/f6cfa2ea2403534de03f069bdf160d06451ed282/bin/remote-cli
PATH: /home/corentin/miniconda3/envs/work-env/bin
PATH: /home/corentin/miniconda3/condabin
PATH: /usr/local/sbin
PATH: /usr/local/bin
PATH: /usr/sbin
PATH: /usr/bin
PATH: /sbin
PATH: /bin
PATH: /usr/games
PATH: /usr/local/games
PATH: /usr/lib/wsl/lib
PATH: /mnt/c/windows/system32
PATH: /mnt/c/windows
PATH: /mnt/c/windows/System32/Wbem
PATH: /mnt/c/windows/System32/WindowsPowerShell/v1.0
PATH: /mnt/c/windows/System32/OpenSSH
PATH: /mnt/c/Program Files/dotnet
PATH: /mnt/c/Program Files/Git/cmd
PATH: /mnt/c/Users/coren/AppData/Local/Microsoft/WindowsApps
PATH: /mnt/c/Users/coren/AppData/Local/Programs/Microsoft VS Code/bin


## ----------- ##
## Core tests. ##
## ----------- ##

configure:2431: checking for x86_64-conda-linux-gnu-gcc
configure:2458: result: /home/corentin/miniconda3/envs/work-env/bin/x86_64-conda-linux-gnu-cc
configure:2727: checking for C compiler version
configure:2736: /home/corentin/miniconda3/envs/work-env/bin/x86_64-conda-linux-gnu-cc --version >&5
x86_64-conda-linux-gnu-cc (conda-forge gcc 14.3.0-16) 14.3.0
Copyright (C) 2024 Free Software Foundation, Inc.
This is free software; see the source for copying conditions.  There is NO
warranty; not even for MERCHANTABILITY or FITNESS FOR A PARTICULAR PURPOSE.

configure:2747: $? = 0
configure:2736: /home/corentin/miniconda3/envs/work-env/bin/x86_64-conda-linux-gnu-cc -v >&5
Reading specs from /home/corentin/miniconda3/envs/work-env/bin/../lib/gcc/x86_64-conda-linux-gnu/14.3.0/specs
Reading specs from /home/corentin/miniconda3/envs/work-env/bin/../lib/gcc/x86_64-conda-linux-gnu/14.3.0/conda.specs
COLLECT_GCC=/home/corentin/miniconda3/envs/work-env/bin/x86_64-conda-linux-gnu-cc
COLLECT_LTO_WRAPPER=/home/corentin/miniconda3/envs/work-env/bin/../libexec/gcc/x86_64-conda-linux-gnu/14.3.0/lto-wrapper
Target: x86_64-conda-linux-gnu
Configured with: ../configure --prefix=/home/conda/feedstock_root/build_artifacts/gcc_compilers_1765252982721/_h_env_placehold_placehold_placehold_placehold_placehold_placehold_placehold_placehold_placehold_placehold_placehold_placehold_placehold_placehold_placehold_placehold_placehold_placeho --with-slibdir=/home/conda/feedstock_root/build_artifacts/gcc_compilers_1765252982721/_h_env_placehold_placehold_placehold_placehold_placehold_placehold_placehold_placehold_placehold_placehold_placehold_placehold_placehold_placehold_placehold_placehold_placehold_placeho/lib --libdir=/home/conda/feedstock_root/build_artifacts/gcc_compilers_1765252982721/_h_env_placehold_placehold_placehold_placehold_placehold_placehold_placehold_placehold_placehold_placehold_placehold_placehold_placehold_placehold_placehold_placehold_placehold_placeho/lib --mandir=/home/conda/feedstock_root/build_artifacts/gcc_compilers_1765252982721/_h_env_placehold_placehold_placehold_placehold_placehold_placehold_placehold_placehold_placehold_placehold_placehold_placehold_placehold_placehold_placehold_placehold_placehold_placeho/man --build=x86_64-conda-linux-gnu --host=x86_64-conda-linux-gnu --target=x86_64-conda-linux-gnu --enable-languages=c,c++,fortran,objc,obj-c++ --enable-libgomp --disable-libssp --enable-libquadmath --enable-libquadmath-support --disable-nls --disable-bootstrap --disable-multilib --enable-long-long --without-zstd --with-native-system-header-dir=/usr/include --with-gxx-include-dir=/home/conda/feedstock_root/build_artifacts/gcc_compilers_1765252982721/_h_env_placehold_placehold_placehold_placehold_placehold_placehold_placehold_placehold_placehold_placehold_placehold_placehold_placehold_placehold_placehold_placehold_placehold_placeho/lib/gcc/x86_64-conda-linux-gnu/14.3.0/include/c++ --with-gxx-libcxx-include-dir=/home/conda/feedstock_root/build_artifacts/gcc_compilers_1765252982721/_h_env_placehold_placehold_placehold_placehold_placehold_placehold_placehold_placehold_placehold_placehold_placehold_placehold_placehold_placehold_placehold_placehold_placehold_placeho/lib/gcc/x86_64-conda-linux-gnu/14.3.0/../../../../include/c++/v1 --with-pkgversion='conda-forge gcc 14.3.0-16' --with-bugurl=https://github.com/conda-forge/ctng-compilers-feedstock/issues/new/choose --enable-libsanitizer --enable-default-pie --enable-threads=posix --enable-__cxa_atexit --with-sysroot=/home/conda/feedstock_root/build_artifacts/gcc_compilers_1765252982721/_h_env_placehold_placehold_placehold_placehold_placehold_placehold_placehold_placehold_placehold_placehold_placehold_placehold_placehold_placehold_placehold_placehold_placehold_placeho/x86_64-conda-linux-gnu/sysroot --with-build-sysroot=/home/conda/feedstock_root/build_artifacts/gcc_compilers_1765252982721/_build_env/x86_64-conda-linux-gnu/sysroot --enable-plugin --enable-lto
Thread model: posix
Supported LTO compression algorithms: zlib
gcc version 14.3.0 (conda-forge gcc 14.3.0-16) 
configure:2747: $? = 0
configure:2736: /home/corentin/miniconda3/envs/work-env/bin/x86_64-conda-linux-gnu-cc -V >&5
x86_64-conda-linux-gnu-cc: error: unrecognized command-line option '-V'
x86_64-conda-linux-gnu-cc: fatal error: no input files
compilation terminated.
configure:2747: $? = 1
configure:2736: /home/corentin/miniconda3/envs/work-env/bin/x86_64-conda-linux-gnu-cc -qversion >&5
x86_64-conda-linux-gnu-cc: error: unrecognized command-line option '-qversion'; did you mean '--version'?
x86_64-conda-linux-gnu-cc: fatal error: no input files
compilation terminated.
configure:2747: $? = 1
configure:2767: checking whether the C compiler works
configure:2789: /home/corentin/miniconda3/envs/work-env/bin/x86_64-conda-linux-gnu-cc -march=nocona -mtune=haswell -ftree-vectorize -fPIC -fstack-protector-strong -fno-plt -O2 -ffunction-sections -pipe -isystem /home/corentin/miniconda3/envs/work-env/include -DNDEBUG -D_FORTIFY_SOURCE=2 -O2 -isystem /home/corentin/miniconda3/envs/work-env/include -Wl,-O2 -Wl,--sort-common -Wl,--as-needed -Wl,-z,relro -Wl,-z,now -Wl,--disable-new-dtags -Wl,--gc-sections -Wl,--allow-shlib-undefined -Wl,-rpath,/home/corentin/miniconda3/envs/work-env/lib -Wl,-rpath-link,/home/corentin/miniconda3/envs/work-env/lib -L/home/corentin/miniconda3/envs/work-env/lib conftest.c  >&5
configure:2793: $? = 0
configure:2841: result: yes
configure:2844: checking for C compiler default output file name
configure:2846: result: a.out
configure:2852: checking for suffix of executables
configure:2859: /home/corentin/miniconda3/envs/work-env/bin/x86_64-conda-linux-gnu-cc -o conftest -march=nocona -mtune=haswell -ftree-vectorize -fPIC -fstack-protector-strong -fno-plt -O2 -ffunction-sections -pipe -isystem /home/corentin/miniconda3/envs/work-env/include -DNDEBUG -D_FORTIFY_SOURCE=2 -O2 -isystem /home/corentin/miniconda3/envs/work-env/include -Wl,-O2 -Wl,--sort-common -Wl,--as-needed -Wl,-z,relro -Wl,-z,now -Wl,--disable-new-dtags -Wl,--gc-sections -Wl,--allow-shlib-undefined -Wl,-rpath,/home/corentin/miniconda3/envs/work-env/lib -Wl,-rpath-link,/home/corentin/miniconda3/envs/work-env/lib -L/home/corentin/miniconda3/envs/work-env/lib conftest.c  >&5
configure:2863: $? = 0
configure:2885: result: 
configure:2907: checking whether we are cross compiling
configure:2915: /home/corentin/miniconda3/envs/work-env/bin/x86_64-conda-linux-gnu-cc -o conftest -march=nocona -mtune=haswell -ftree-vectorize -fPIC -fstack-protector-strong -fno-plt -O2 -ffunction-sections -pipe -isystem /home/corentin/miniconda3/envs/work-env/include -DNDEBUG -D_FORTIFY_SOURCE=2 -O2 -isystem /home/corentin/miniconda3/envs/work-env/include -Wl,-O2 -Wl,--sort-common -Wl,--as-needed -Wl,-z,relro -Wl,-z,now -Wl,--disable-new-dtags -Wl,--gc-sections -Wl,--allow-shlib-undefined -Wl,-rpath,/home/corentin/miniconda3/envs/work-env/lib -Wl,-rpath-link,/home/corentin/miniconda3/envs/work-env/lib -L/home/corentin/miniconda3/envs/work-env/lib conftest.c  >&5
configure:2919: $? = 0
configure:2926: ./conftest
configure:2930: $? = 0
configure:2945: result: no
configure:2950: checking for suffix of object files
configure:2972: /home/corentin/miniconda3/envs/work-env/bin/x86_64-conda-linux-gnu-cc -c -march=nocona -mtune=haswell -ftree-vectorize -fPIC -fstack-protector-strong -fno-plt -O2 -ffunction-sections -pipe -isystem /home/corentin/miniconda3/envs/work-env/include -DNDEBUG -D_FORTIFY_SOURCE=2 -O2 -isystem /home/corentin/miniconda3/envs/work-env/include conftest.c >&5
configure:2976: $? = 0
configure:2997: result: o
configure:3001: checking whether we are using the GNU C compiler
configure:3020: /home/corentin/miniconda3/envs/work-env/bin/x86_64-conda-linux-gnu-cc -c -march=nocona -mtune=haswell -ftree-vectorize -fPIC -fstack-protector-strong -fno-plt -O2 -ffunction-sections -pipe -isystem /home/corentin/miniconda3/envs/work-env/include -DNDEBUG -D_FORTIFY_SOURCE=2 -O2 -isystem /home/corentin/miniconda3/envs/work-env/include conftest.c >&5
configure:3020: $? = 0
configure:3029: result: yes
configure:3038: checking whether /home/corentin/miniconda3/envs/work-env/bin/x86_64-conda-linux-gnu-cc accepts -g
configure:3058: /home/corentin/miniconda3/envs/work-env/bin/x86_64-conda-linux-gnu-cc -c -g -DNDEBUG -D_FORTIFY_SOURCE=2 -O2 -isystem /home/corentin/miniconda3/envs/work-env/include conftest.c >&5
configure:3058: $? = 0
configure:3099: result: yes
configure:3116: checking for /home/corentin/miniconda3/envs/work-env/bin/x86_64-conda-linux-gnu-cc option to accept ISO C89
configure:3179: /home/corentin/miniconda3/envs/work-env/bin/x86_64-conda-linux-gnu-cc  -c -march=nocona -mtune=haswell -ftree-vectorize -fPIC -fstack-protector-strong -fno-plt -O2 -ffunction-sections -pipe -isystem /home/corentin/miniconda3/envs/work-env/include -DNDEBUG -D_FORTIFY_SOURCE=2 -O2 -isystem /home/corentin/miniconda3/envs/work-env/include conftest.c >&5
configure:3179: $? = 0
configure:3192: result: none needed
configure:3217: checking whether /home/corentin/miniconda3/envs/work-env/bin/x86_64-conda-linux-gnu-cc understands -c and -o together
configure:3239: /home/corentin/miniconda3/envs/work-env/bin/x86_64-conda-linux-gnu-cc -c conftest.c -o conftest2.o
configure:3242: $? = 0
configure:3239: /home/corentin/miniconda3/envs/work-env/bin/x86_64-conda-linux-gnu-cc -c conftest.c -o conftest2.o
configure:3242: $? = 0
configure:3254: result: yes
configure:3277: checking how to run the C preprocessor
configure:3347: result: /home/corentin/miniconda3/envs/work-env/bin/x86_64-conda-linux-gnu-cpp
configure:3367: /home/corentin/miniconda3/envs/work-env/bin/x86_64-conda-linux-gnu-cpp -DNDEBUG -D_FORTIFY_SOURCE=2 -O2 -isystem /home/corentin/miniconda3/envs/work-env/include conftest.c
configure:3367: $? = 0
configure:3381: /home/corentin/miniconda3/envs/work-env/bin/x86_64-conda-linux-gnu-cpp -DNDEBUG -D_FORTIFY_SOURCE=2 -O2 -isystem /home/corentin/miniconda3/envs/work-env/include conftest.c
conftest.c:9:10: fatal error: ac_nonexistent.h: No such file or directory
    9 | #include <ac_nonexistent.h>
      |          ^~~~~~~~~~~~~~~~~~
compilation terminated.
configure:3381: $? = 1
configure: failed program was:
| /* confdefs.h */
| #define PACKAGE_NAME "caenferslib"
| #define PACKAGE_TARNAME "caenferslib"
| #define PACKAGE_VERSION "1.3.0"
| #define PACKAGE_STRING "caenferslib 1.3.0"
| #define PACKAGE_BUGREPORT "support.computing@caen.it"
| #define PACKAGE_URL ""
| /* end confdefs.h.  */
| #include <ac_nonexistent.h>
configure:3410: checking for grep that handles long lines and -e
configure:3468: result: /usr/bin/grep
configure:3473: checking for egrep
configure:3535: result: /usr/bin/grep -E
configure:3540: checking for ANSI C header files
configure:3560: /home/corentin/miniconda3/envs/work-env/bin/x86_64-conda-linux-gnu-cc -c -march=nocona -mtune=haswell -ftree-vectorize -fPIC -fstack-protector-strong -fno-plt -O2 -ffunction-sections -pipe -isystem /home/corentin/miniconda3/envs/work-env/include -DNDEBUG -D_FORTIFY_SOURCE=2 -O2 -isystem /home/corentin/miniconda3/envs/work-env/include conftest.c >&5
configure:3560: $? = 0
configure:3633: /home/corentin/miniconda3/envs/work-env/bin/x86_64-conda-linux-gnu-cc -o conftest -march=nocona -mtune=haswell -ftree-vectorize -fPIC -fstack-protector-strong -fno-plt -O2 -ffunction-sections -pipe -isystem /home/corentin/miniconda3/envs/work-env/include -DNDEBUG -D_FORTIFY_SOURCE=2 -O2 -isystem /home/corentin/miniconda3/envs/work-env/include -Wl,-O2 -Wl,--sort-common -Wl,--as-needed -Wl,-z,relro -Wl,-z,now -Wl,--disable-new-dtags -Wl,--gc-sections -Wl,--allow-shlib-undefined -Wl,-rpath,/home/corentin/miniconda3/envs/work-env/lib -Wl,-rpath-link,/home/corentin/miniconda3/envs/work-env/lib -L/home/corentin/miniconda3/envs/work-env/lib conftest.c  >&5
configure:3633: $? = 0
configure:3633: ./conftest
configure:3633: $? = 0
configure:3644: result: yes
configure:3657: checking for sys/types.h
configure:3657: /home/corentin/miniconda3/envs/work-env/bin/x86_64-conda-linux-gnu-cc -c -march=nocona -mtune=haswell -ftree-vectorize -fPIC -fstack-protector-strong -fno-plt -O2 -ffunction-sections -pipe -isystem /home/corentin/miniconda3/envs/work-env/include -DNDEBUG -D_FORTIFY_SOURCE=2 -O2 -isystem /home/corentin/miniconda3/envs/work-env/include conftest.c >&5
configure:3657: $? = 0
configure:3657: result: yes
configure:3657: checking for sys/stat.h
configure:3657: /home/corentin/miniconda3/envs/work-env/bin/x86_64-conda-linux-gnu-cc -c -march=nocona -mtune=haswell -ftree-vectorize -fPIC -fstack-protector-strong -fno-plt -O2 -ffunction-sections -pipe -isystem /home/corentin/miniconda3/envs/work-env/include -DNDEBUG -D_FORTIFY_SOURCE=2 -O2 -isystem /home/corentin/miniconda3/envs/work-env/include conftest.c >&5
configure:3657: $? = 0
configure:3657: result: yes
configure:3657: checking for stdlib.h
configure:3657: /home/corentin/miniconda3/envs/work-env/bin/x86_64-conda-linux-gnu-cc -c -march=nocona -mtune=haswell -ftree-vectorize -fPIC -fstack-protector-strong -fno-plt -O2 -ffunction-sections -pipe -isystem /home/corentin/miniconda3/envs/work-env/include -DNDEBUG -D_FORTIFY_SOURCE=2 -O2 -isystem /home/corentin/miniconda3/envs/work-env/include conftest.c >&5
configure:3657: $? = 0
configure:3657: result: yes
configure:3657: checking for string.h
configure:3657: /home/corentin/miniconda3/envs/work-env/bin/x86_64-conda-linux-gnu-cc -c -march=nocona -mtune=haswell -ftree-vectorize -fPIC -fstack-protector-strong -fno-plt -O2 -ffunction-sections -pipe -isystem /home/corentin/miniconda3/envs/work-env/include -DNDEBUG -D_FORTIFY_SOURCE=2 -O2 -isystem /home/corentin/miniconda3/envs/work-env/include conftest.c >&5
configure:3657: $? = 0
configure:3657: result: yes
configure:3657: checking for memory.h
configure:3657: /home/corentin/miniconda3/envs/work-env/bin/x86_64-conda-linux-gnu-cc -c -march=nocona -mtune=haswell -ftree-vectorize -fPIC -fstack-protector-strong -fno-plt -O2 -ffunction-sections -pipe -isystem /home/corentin/miniconda3/envs/work-env/include -DNDEBUG -D_FORTIFY_SOURCE=2 -O2 -isystem /home/corentin/miniconda3/envs/work-env/include conftest.c >&5
configure:3657: $? = 0
configure:3657: result: yes
configure:3657: checking for strings.h
configure:3657: /home/corentin/miniconda3/envs/work-env/bin/x86_64-conda-linux-gnu-cc -c -march=nocona -mtune=haswell -ftree-vectorize -fPIC -fstack-protector-strong -fno-plt -O2 -ffunction-sections -pipe -isystem /home/corentin/miniconda3/envs/work-env/include -DNDEBUG -D_FORTIFY_SOURCE=2 -O2 -isystem /home/corentin/miniconda3/envs/work-env/include conftest.c >&5
configure:3657: $? = 0
configure:3657: result: yes
configure:3657: checking for inttypes.h
configure:3657: /home/corentin/miniconda3/envs/work-env/bin/x86_64-conda-linux-gnu-cc -c -march=nocona -mtune=haswell -ftree-vectorize -fPIC -fstack-protector-strong -fno-plt -O2 -ffunction-sections -pipe -isystem /home/corentin/miniconda3/envs/work-env/include -DNDEBUG -D_FORTIFY_SOURCE=2 -O2 -isystem /home/corentin/miniconda3/envs/work-env/include conftest.c >&5
configure:3657: $? = 0
configure:3657: result: yes
configure:3657: checking for stdint.h
configure:3657: /home/corentin/miniconda3/envs/work-env/bin/x86_64-conda-linux-gnu-cc -c -march=nocona -mtune=haswell -ftree-vectorize -fPIC -fstack-protector-strong -fno-plt -O2 -ffunction-sections -pipe -isystem /home/corentin/miniconda3/envs/work-env/include -DNDEBUG -D_FORTIFY_SOURCE=2 -O2 -isystem /home/corentin/miniconda3/envs/work-env/include conftest.c >&5
configure:3657: $? = 0
configure:3657: result: yes
configure:3657: checking for unistd.h
configure:3657: /home/corentin/miniconda3/envs/work-env/bin/x86_64-conda-linux-gnu-cc -c -march=nocona -mtune=haswell -ftree-vectorize -fPIC -fstack-protector-strong -fno-plt -O2 -ffunction-sections -pipe -isystem /home/corentin/miniconda3/envs/work-env/include -DNDEBUG -D_FORTIFY_SOURCE=2 -O2 -isystem /home/corentin/miniconda3/envs/work-env/include conftest.c >&5
configure:3657: $? = 0
configure:3657: result: yes
configure:3670: checking minix/config.h usability
configure:3670: /home/corentin/miniconda3/envs/work-env/bin/x86_64-conda-linux-gnu-cc -c -march=nocona -mtune=haswell -ftree-vectorize -fPIC -fstack-protector-strong -fno-plt -O2 -ffunction-sections -pipe -isystem /home/corentin/miniconda3/envs/work-env/include -DNDEBUG -D_FORTIFY_SOURCE=2 -O2 -isystem /home/corentin/miniconda3/envs/work-env/include conftest.c >&5
conftest.c:52:10: fatal error: minix/config.h: No such file or directory
   52 | #include <minix/config.h>
      |          ^~~~~~~~~~~~~~~~
compilation terminated.
configure:3670: $? = 1
configure: failed program was:
| /* confdefs.h */
| #define PACKAGE_NAME "caenferslib"
| #define PACKAGE_TARNAME "caenferslib"
| #define PACKAGE_VERSION "1.3.0"
| #define PACKAGE_STRING "caenferslib 1.3.0"
| #define PACKAGE_BUGREPORT "support.computing@caen.it"
| #define PACKAGE_URL ""
| #define STDC_HEADERS 1
| #define HAVE_SYS_TYPES_H 1
| #define HAVE_SYS_STAT_H 1
| #define HAVE_STDLIB_H 1
| #define HAVE_STRING_H 1
| #define HAVE_MEMORY_H 1
| #define HAVE_STRINGS_H 1
| #define HAVE_INTTYPES_H 1
| #define HAVE_STDINT_H 1
| #define HAVE_UNISTD_H 1
| /* end confdefs.h.  */
| #include <stdio.h>
| #ifdef HAVE_SYS_TYPES_H
| # include <sys/types.h>
| #endif
| #ifdef HAVE_SYS_STAT_H
| # include <sys/stat.h>
| #endif
| #ifdef STDC_HEADERS
| # include <stdlib.h>
| # include <stddef.h>
| #else
| # ifdef HAVE_STDLIB_H
| #  include <stdlib.h>
| # endif
| #endif
| #ifdef HAVE_STRING_H
| # if !defined STDC_HEADERS && defined HAVE_MEMORY_H
| #  include <memory.h>
| # endif
| # include <string.h>
| #endif
| #ifdef HAVE_STRINGS_H
| # include <strings.h>
| #endif
| #ifdef HAVE_INTTYPES_H
| # include <inttypes.h>
| #endif
| #ifdef HAVE_STDINT_H
| # include <stdint.h>
| #endif
| #ifdef HAVE_UNISTD_H
| # include <unistd.h>
| #endif
| #include <minix/config.h>
configure:3670: result: no
configure:3670: checking minix/config.h presence
configure:3670: /home/corentin/miniconda3/envs/work-env/bin/x86_64-conda-linux-gnu-cpp -DNDEBUG -D_FORTIFY_SOURCE=2 -O2 -isystem /home/corentin/miniconda3/envs/work-env/include conftest.c
conftest.c:19:10: fatal error: minix/config.h: No such file or directory
   19 | #include <minix/config.h>
      |          ^~~~~~~~~~~~~~~~
compilation terminated.
configure:3670: $? = 1
configure: failed program was:
| /* confdefs.h */
| #define PACKAGE_NAME "caenferslib"
| #define PACKAGE_TARNAME "caenferslib"
| #define PACKAGE_VERSION "1.3.0"
| #define PACKAGE_STRING "caenferslib 1.3.0"
| #define PACKAGE_BUGREPORT "support.computing@caen.it"
| #define PACKAGE_URL ""
| #define STDC_HEADERS 1
| #define HAVE_SYS_TYPES_H 1
| #define HAVE_SYS_STAT_H 1
| #define HAVE_STDLIB_H 1
| #define HAVE_STRING_H 1
| #define HAVE_MEMORY_H 1
| #define HAVE_STRINGS_H 1
| #define HAVE_INTTYPES_H 1
| #define HAVE_STDINT_H 1
| #define HAVE_UNISTD_H 1
| /* end confdefs.h.  */
| #include <minix/config.h>
configure:3670: result: no
configure:3670: checking for minix/config.h
configure:3670: result: no
configure:3691: checking whether it is safe to define __EXTENSIONS__
configure:3709: /home/corentin/miniconda3/envs/work-env/bin/x86_64-conda-linux-gnu-cc -c -march=nocona -mtune=haswell -ftree-vectorize -fPIC -fstack-protector-strong -fno-plt -O2 -ffunction-sections -pipe -isystem /home/corentin/miniconda3/envs/work-env/include -DNDEBUG -D_FORTIFY_SOURCE=2 -O2 -isystem /home/corentin/miniconda3/envs/work-env/include conftest.c >&5
configure:3709: $? = 0
configure:3716: result: yes
configure:3749: checking for a BSD-compatible install
configure:3817: result: /usr/bin/install -c
configure:3828: checking whether build environment is sane
configure:3883: result: yes
configure:4031: checking for a thread-safe mkdir -p
configure:4070: result: /usr/bin/mkdir -p
configure:4077: checking for gawk
configure:4107: result: no
configure:4077: checking for mawk
configure:4093: found /usr/bin/mawk
configure:4104: result: mawk
configure:4115: checking whether make sets $(MAKE)
configure:4137: result: yes
configure:4159: checking whether make supports the include directive
configure:4174: make -f confmf.GNU && cat confinc.out
this is the am__doit target
configure:4177: $? = 0
configure:4196: result: yes (GNU style)
configure:4229: checking whether make supports nested variables
configure:4246: result: yes
configure:4335: checking whether UID '1000' is supported by ustar format
configure:4338: result: yes
configure:4345: checking whether GID '1000' is supported by ustar format
configure:4348: result: yes
configure:4356: checking how to create a ustar tar archive
configure:4367: tar --version
tar (GNU tar) 1.35
Copyright (C) 2023 Free Software Foundation, Inc.
License GPLv3+: GNU GPL version 3 or later <https://gnu.org/licenses/gpl.html>.
This is free software: you are free to change and redistribute it.
There is NO WARRANTY, to the extent permitted by law.

Written by John Gilmore and Jay Fenlason.
configure:4370: $? = 0
configure:4410: tardir=conftest.dir && eval tar --format=ustar -chf - "$tardir" >conftest.tar
configure:4413: $? = 0
configure:4417: tar -xf - <conftest.tar
configure:4420: $? = 0
configure:4422: cat conftest.dir/file
GrepMe
configure:4425: $? = 0
configure:4438: result: gnutar
configure:4447: checking dependency style of /home/corentin/miniconda3/envs/work-env/bin/x86_64-conda-linux-gnu-cc
configure:4558: result: gcc3
configure:4621: checking for x86_64-conda-linux-gnu-ar
configure:4648: result: /home/corentin/miniconda3/envs/work-env/bin/x86_64-conda-linux-gnu-ar
configure:4718: checking the archiver (/home/corentin/miniconda3/envs/work-env/bin/x86_64-conda-linux-gnu-ar) interface
configure:4734: /home/corentin/miniconda3/envs/work-env/bin/x86_64-conda-linux-gnu-cc -c -march=nocona -mtune=haswell -ftree-vectorize -fPIC -fstack-protector-strong -fno-plt -O2 -ffunction-sections -pipe -isystem /home/corentin/miniconda3/envs/work-env/include -DNDEBUG -D_FORTIFY_SOURCE=2 -O2 -isystem /home/corentin/miniconda3/envs/work-env/include conftest.c >&5
configure:4734: $? = 0
configure:4736: /home/corentin/miniconda3/envs/work-env/bin/x86_64-conda-linux-gnu-ar cru libconftest.a conftest.o >&5
configure:4739: $? = 0
configure:4767: result: ar
configure:4818: checking build system type
configure:4832: result: x86_64-conda-linux-gnu
configure:4852: checking host system type
configure:4865: result: x86_64-conda-linux-gnu
configure:4906: checking how to print strings
configure:4933: result: printf
configure:4954: checking for a sed that does not truncate output
configure:5018: result: /usr/bin/sed
configure:5036: checking for fgrep
configure:5098: result: /usr/bin/grep -F
configure:5133: checking for ld used by /home/corentin/miniconda3/envs/work-env/bin/x86_64-conda-linux-gnu-cc
configure:5200: result: /home/corentin/miniconda3/envs/work-env/bin/x86_64-conda-linux-gnu-ld
configure:5207: checking if the linker (/home/corentin/miniconda3/envs/work-env/bin/x86_64-conda-linux-gnu-ld) is GNU ld
configure:5222: result: yes
configure:5234: checking for BSD- or MS-compatible name lister (nm)
configure:5288: result: /home/corentin/miniconda3/envs/work-env/bin/x86_64-conda-linux-gnu-nm
configure:5418: checking the name lister (/home/corentin/miniconda3/envs/work-env/bin/x86_64-conda-linux-gnu-nm) interface
configure:5425: /home/corentin/miniconda3/envs/work-env/bin/x86_64-conda-linux-gnu-cc -c -march=nocona -mtune=haswell -ftree-vectorize -fPIC -fstack-protector-strong -fno-plt -O2 -ffunction-sections -pipe -isystem /home/corentin/miniconda3/envs/work-env/include -DNDEBUG -D_FORTIFY_SOURCE=2 -O2 -isystem /home/corentin/miniconda3/envs/work-env/include conftest.c >&5
configure:5428: /home/corentin/miniconda3/envs/work-env/bin/x86_64-conda-linux-gnu-nm "conftest.o"
configure:5431: output
0000000000000000 B some_variable
configure:5438: result: BSD nm
configure:5441: checking whether ln -s works
configure:5445: result: yes
configure:5453: checking the maximum length of command line arguments
configure:5584: result: 1572864
configure:5632: checking how to convert x86_64-conda-linux-gnu file names to x86_64-conda-linux-gnu format
configure:5672: result: func_convert_file_noop
configure:5679: checking how to convert x86_64-conda-linux-gnu file names to toolchain format
configure:5699: result: func_convert_file_noop
configure:5706: checking for /home/corentin/miniconda3/envs/work-env/bin/x86_64-conda-linux-gnu-ld option to reload object files
configure:5713: result: -r
configure:5747: checking for x86_64-conda-linux-gnu-objdump
configure:5774: result: /home/corentin/miniconda3/envs/work-env/bin/x86_64-conda-linux-gnu-objdump
configure:5846: checking how to recognize dependent libraries
configure:6046: result: pass_all
configure:6091: checking for x86_64-conda-linux-gnu-dlltool
configure:6121: result: no
configure:6131: checking for dlltool
configure:6161: result: no
configure:6191: checking how to associate runtime and link libraries
configure:6218: result: printf %s\n
configure:6234: checking for x86_64-conda-linux-gnu-ar
configure:6261: result: /home/corentin/miniconda3/envs/work-env/bin/x86_64-conda-linux-gnu-ar
configure:6342: checking for archiver @FILE support
configure:6359: /home/corentin/miniconda3/envs/work-env/bin/x86_64-conda-linux-gnu-cc -c -march=nocona -mtune=haswell -ftree-vectorize -fPIC -fstack-protector-strong -fno-plt -O2 -ffunction-sections -pipe -isystem /home/corentin/miniconda3/envs/work-env/include -DNDEBUG -D_FORTIFY_SOURCE=2 -O2 -isystem /home/corentin/miniconda3/envs/work-env/include conftest.c >&5
configure:6359: $? = 0
configure:6362: /home/corentin/miniconda3/envs/work-env/bin/x86_64-conda-linux-gnu-ar cru libconftest.a @conftest.lst >&5
configure:6365: $? = 0
configure:6370: /home/corentin/miniconda3/envs/work-env/bin/x86_64-conda-linux-gnu-ar cru libconftest.a @conftest.lst >&5
/home/corentin/miniconda3/envs/work-env/bin/x86_64-conda-linux-gnu-ar: conftest.o: No such file or directory
configure:6373: $? = 1
configure:6385: result: @
configure:6403: checking for x86_64-conda-linux-gnu-strip
configure:6430: result: /home/corentin/miniconda3/envs/work-env/bin/x86_64-conda-linux-gnu-strip
configure:6502: checking for x86_64-conda-linux-gnu-ranlib
configure:6529: result: /home/corentin/miniconda3/envs/work-env/bin/x86_64-conda-linux-gnu-ranlib
configure:6671: checking command to parse /home/corentin/miniconda3/envs/work-env/bin/x86_64-conda-linux-gnu-nm output from /home/corentin/miniconda3/envs/work-env/bin/x86_64-conda-linux-gnu-cc object
configure:6824: /home/corentin/miniconda3/envs/work-env/bin/x86_64-conda-linux-gnu-cc -c -march=nocona -mtune=haswell -ftree-vectorize -fPIC -fstack-protector-strong -fno-plt -O2 -ffunction-sections -pipe -isystem /home/corentin/miniconda3/envs/work-env/include -DNDEBUG -D_FORTIFY_SOURCE=2 -O2 -isystem /home/corentin/miniconda3/envs/work-env/include conftest.c >&5
configure:6827: $? = 0
configure:6831: /home/corentin/miniconda3/envs/work-env/bin/x86_64-conda-linux-gnu-nm conftest.o | sed -n -e 's/^.*[	 ]\([ABCDGIRSTW][ABCDGIRSTW]*\)[	 ][	 ]*\([_A-Za-z][_A-Za-z0-9]*\)$/\1 \2 \2/p' | sed '/ __gnu_lto/d' > conftest.nm
configure:6897: /home/corentin/miniconda3/envs/work-env/bin/x86_64-conda-linux-gnu-cc -o conftest -march=nocona -mtune=haswell -ftree-vectorize -fPIC -fstack-protector-strong -fno-plt -O2 -ffunction-sections -pipe -isystem /home/corentin/miniconda3/envs/work-env/include -DNDEBUG -D_FORTIFY_SOURCE=2 -O2 -isystem /home/corentin/miniconda3/envs/work-env/include -Wl,-O2 -Wl,--sort-common -Wl,--as-needed -Wl,-z,relro -Wl,-z,now -Wl,--disable-new-dtags -Wl,--gc-sections -Wl,--allow-shlib-undefined -Wl,-rpath,/home/corentin/miniconda3/envs/work-env/lib -Wl,-rpath-link,/home/corentin/miniconda3/envs/work-env/lib -L/home/corentin/miniconda3/envs/work-env/lib conftest.c conftstm.o >&5
configure:6900: $? = 0
configure:6938: result: ok
configure:6985: checking for sysroot
configure:7015: result: no
configure:7022: checking for a working dd
configure:7060: result: /usr/bin/dd
configure:7064: checking how to truncate binary pipes
configure:7079: result: /usr/bin/dd bs=4096 count=1
configure:7215: /home/corentin/miniconda3/envs/work-env/bin/x86_64-conda-linux-gnu-cc -c -march=nocona -mtune=haswell -ftree-vectorize -fPIC -fstack-protector-strong -fno-plt -O2 -ffunction-sections -pipe -isystem /home/corentin/miniconda3/envs/work-env/include -DNDEBUG -D_FORTIFY_SOURCE=2 -O2 -isystem /home/corentin/miniconda3/envs/work-env/include conftest.c >&5
configure:7218: $? = 0
configure:7368: checking for x86_64-conda-linux-gnu-mt
configure:7398: result: no
configure:7408: checking for mt
configure:7424: found /usr/bin/mt
configure:7435: result: mt
configure:7458: checking if mt is a manifest tool
configure:7464: mt '-?'
configure:7472: result: no
configure:8146: checking for dlfcn.h
configure:8146: /home/corentin/miniconda3/envs/work-env/bin/x86_64-conda-linux-gnu-cc -c -march=nocona -mtune=haswell -ftree-vectorize -fPIC -fstack-protector-strong -fno-plt -O2 -ffunction-sections -pipe -isystem /home/corentin/miniconda3/envs/work-env/include -DNDEBUG -D_FORTIFY_SOURCE=2 -O2 -isystem /home/corentin/miniconda3/envs/work-env/include conftest.c >&5
configure:8146: $? = 0
configure:8146: result: yes
configure:8401: checking for objdir
configure:8416: result: .libs
configure:8680: checking if /home/corentin/miniconda3/envs/work-env/bin/x86_64-conda-linux-gnu-cc supports -fno-rtti -fno-exceptions
configure:8698: /home/corentin/miniconda3/envs/work-env/bin/x86_64-conda-linux-gnu-cc -c -march=nocona -mtune=haswell -ftree-vectorize -fPIC -fstack-protector-strong -fno-plt -O2 -ffunction-sections -pipe -isystem /home/corentin/miniconda3/envs/work-env/include -DNDEBUG -D_FORTIFY_SOURCE=2 -O2 -isystem /home/corentin/miniconda3/envs/work-env/include -fno-rtti -fno-exceptions conftest.c >&5
cc1: warning: command-line option '-fno-rtti' is valid for C++/D/ObjC++ but not for C
configure:8702: $? = 0
configure:8715: result: no
configure:9073: checking for /home/corentin/miniconda3/envs/work-env/bin/x86_64-conda-linux-gnu-cc option to produce PIC
configure:9080: result: -fPIC -DPIC
configure:9088: checking if /home/corentin/miniconda3/envs/work-env/bin/x86_64-conda-linux-gnu-cc PIC flag -fPIC -DPIC works
configure:9106: /home/corentin/miniconda3/envs/work-env/bin/x86_64-conda-linux-gnu-cc -c -march=nocona -mtune=haswell -ftree-vectorize -fPIC -fstack-protector-strong -fno-plt -O2 -ffunction-sections -pipe -isystem /home/corentin/miniconda3/envs/work-env/include -DNDEBUG -D_FORTIFY_SOURCE=2 -O2 -isystem /home/corentin/miniconda3/envs/work-env/include -fPIC -DPIC -DPIC conftest.c >&5
configure:9110: $? = 0
configure:9123: result: yes
configure:9152: checking if /home/corentin/miniconda3/envs/work-env/bin/x86_64-conda-linux-gnu-cc static flag -static works
configure:9180: result: yes
configure:9195: checking if /home/corentin/miniconda3/envs/work-env/bin/x86_64-conda-linux-gnu-cc supports -c -o file.o
configure:9216: /home/corentin/miniconda3/envs/work-env/bin/x86_64-conda-linux-gnu-cc -c -march=nocona -mtune=haswell -ftree-vectorize -fPIC -fstack-protector-strong -fno-plt -O2 -ffunction-sections -pipe -isystem /home/corentin/miniconda3/envs/work-env/include -DNDEBUG -D_FORTIFY_SOURCE=2 -O2 -isystem /home/corentin/miniconda3/envs/work-env/include -o out/conftest2.o conftest.c >&5
configure:9220: $? = 0
configure:9242: result: yes
configure:9250: checking if /home/corentin/miniconda3/envs/work-env/bin/x86_64-conda-linux-gnu-cc supports -c -o file.o
configure:9297: result: yes
configure:9330: checking whether the /home/corentin/miniconda3/envs/work-env/bin/x86_64-conda-linux-gnu-cc linker (/home/corentin/miniconda3/envs/work-env/bin/x86_64-conda-linux-gnu-ld) supports shared libraries
configure:10593: result: yes
configure:10630: checking whether -lc should be explicitly linked in
configure:10638: /home/corentin/miniconda3/envs/work-env/bin/x86_64-conda-linux-gnu-cc -c -march=nocona -mtune=haswell -ftree-vectorize -fPIC -fstack-protector-strong -fno-plt -O2 -ffunction-sections -pipe -isystem /home/corentin/miniconda3/envs/work-env/include -DNDEBUG -D_FORTIFY_SOURCE=2 -O2 -isystem /home/corentin/miniconda3/envs/work-env/include conftest.c >&5
configure:10641: $? = 0
configure:10656: /home/corentin/miniconda3/envs/work-env/bin/x86_64-conda-linux-gnu-cc -shared  -fPIC -DPIC conftest.o  -v -Wl,-soname -Wl,conftest -o conftest 2\>\&1 \| /usr/bin/grep  -lc  \>/dev/null 2\>\&1
configure:10659: $? = 0
configure:10673: result: no
configure:10833: checking dynamic linker characteristics
configure:11414: /home/corentin/miniconda3/envs/work-env/bin/x86_64-conda-linux-gnu-cc -o conftest -march=nocona -mtune=haswell -ftree-vectorize -fPIC -fstack-protector-strong -fno-plt -O2 -ffunction-sections -pipe -isystem /home/corentin/miniconda3/envs/work-env/include -DNDEBUG -D_FORTIFY_SOURCE=2 -O2 -isystem /home/corentin/miniconda3/envs/work-env/include -Wl,-O2 -Wl,--sort-common -Wl,--as-needed -Wl,-z,relro -Wl,-z,now -Wl,--disable-new-dtags -Wl,--gc-sections -Wl,--allow-shlib-undefined -Wl,-rpath,/home/corentin/miniconda3/envs/work-env/lib -Wl,-rpath-link,/home/corentin/miniconda3/envs/work-env/lib -L/home/corentin/miniconda3/envs/work-env/lib -Wl,-rpath -Wl,/foo conftest.c  >&5
configure:11414: $? = 0
configure:11663: result: GNU/Linux ld.so
configure:11785: checking how to hardcode library paths into programs
configure:11810: result: immediate
configure:12358: checking whether stripping libraries is possible
configure:12363: result: yes
configure:12398: checking if libtool supports shared libraries
configure:12400: result: yes
configure:12403: checking whether to build shared libraries
configure:12428: result: yes
configure:12431: checking whether to build static libraries
configure:12435: result: no
configure:12482: checking for x86_64-conda-linux-gnu-gcc
configure:12509: result: /home/corentin/miniconda3/envs/work-env/bin/x86_64-conda-linux-gnu-cc
configure:12778: checking for C compiler version
configure:12787: /home/corentin/miniconda3/envs/work-env/bin/x86_64-conda-linux-gnu-cc --version >&5
x86_64-conda-linux-gnu-cc (conda-forge gcc 14.3.0-16) 14.3.0
Copyright (C) 2024 Free Software Foundation, Inc.
This is free software; see the source for copying conditions.  There is NO
warranty; not even for MERCHANTABILITY or FITNESS FOR A PARTICULAR PURPOSE.

configure:12798: $? = 0
configure:12787: /home/corentin/miniconda3/envs/work-env/bin/x86_64-conda-linux-gnu-cc -v >&5
Reading specs from /home/corentin/miniconda3/envs/work-env/bin/../lib/gcc/x86_64-conda-linux-gnu/14.3.0/specs
Reading specs from /home/corentin/miniconda3/envs/work-env/bin/../lib/gcc/x86_64-conda-linux-gnu/14.3.0/conda.specs
COLLECT_GCC=/home/corentin/miniconda3/envs/work-env/bin/x86_64-conda-linux-gnu-cc
COLLECT_LTO_WRAPPER=/home/corentin/miniconda3/envs/work-env/bin/../libexec/gcc/x86_64-conda-linux-gnu/14.3.0/lto-wrapper
Target: x86_64-conda-linux-gnu
Configured with: ../configure --prefix=/home/conda/feedstock_root/build_artifacts/gcc_compilers_1765252982721/_h_env_placehold_placehold_placehold_placehold_placehold_placehold_placehold_placehold_placehold_placehold_placehold_placehold_placehold_placehold_placehold_placehold_placehold_placeho --with-slibdir=/home/conda/feedstock_root/build_artifacts/gcc_compilers_1765252982721/_h_env_placehold_placehold_placehold_placehold_placehold_placehold_placehold_placehold_placehold_placehold_placehold_placehold_placehold_placehold_placehold_placehold_placehold_placeho/lib --libdir=/home/conda/feedstock_root/build_artifacts/gcc_compilers_1765252982721/_h_env_placehold_placehold_placehold_placehold_placehold_placehold_placehold_placehold_placehold_placehold_placehold_placehold_placehold_placehold_placehold_placehold_placehold_placeho/lib --mandir=/home/conda/feedstock_root/build_artifacts/gcc_compilers_1765252982721/_h_env_placehold_placehold_placehold_placehold_placehold_placehold_placehold_placehold_placehold_placehold_placehold_placehold_placehold_placehold_placehold_placehold_placehold_placeho/man --build=x86_64-conda-linux-gnu --host=x86_64-conda-linux-gnu --target=x86_64-conda-linux-gnu --enable-languages=c,c++,fortran,objc,obj-c++ --enable-libgomp --disable-libssp --enable-libquadmath --enable-libquadmath-support --disable-nls --disable-bootstrap --disable-multilib --enable-long-long --without-zstd --with-native-system-header-dir=/usr/include --with-gxx-include-dir=/home/conda/feedstock_root/build_artifacts/gcc_compilers_1765252982721/_h_env_placehold_placehold_placehold_placehold_placehold_placehold_placehold_placehold_placehold_placehold_placehold_placehold_placehold_placehold_placehold_placehold_placehold_placeho/lib/gcc/x86_64-conda-linux-gnu/14.3.0/include/c++ --with-gxx-libcxx-include-dir=/home/conda/feedstock_root/build_artifacts/gcc_compilers_1765252982721/_h_env_placehold_placehold_placehold_placehold_placehold_placehold_placehold_placehold_placehold_placehold_placehold_placehold_placehold_placehold_placehold_placehold_placehold_placeho/lib/gcc/x86_64-conda-linux-gnu/14.3.0/../../../../include/c++/v1 --with-pkgversion='conda-forge gcc 14.3.0-16' --with-bugurl=https://github.com/conda-forge/ctng-compilers-feedstock/issues/new/choose --enable-libsanitizer --enable-default-pie --enable-threads=posix --enable-__cxa_atexit --with-sysroot=/home/conda/feedstock_root/build_artifacts/gcc_compilers_1765252982721/_h_env_placehold_placehold_placehold_placehold_placehold_placehold_placehold_placehold_placehold_placehold_placehold_placehold_placehold_placehold_placehold_placehold_placehold_placeho/x86_64-conda-linux-gnu/sysroot --with-build-sysroot=/home/conda/feedstock_root/build_artifacts/gcc_compilers_1765252982721/_build_env/x86_64-conda-linux-gnu/sysroot --enable-plugin --enable-lto
Thread model: posix
Supported LTO compression algorithms: zlib
gcc version 14.3.0 (conda-forge gcc 14.3.0-16) 
configure:12798: $? = 0
configure:12787: /home/corentin/miniconda3/envs/work-env/bin/x86_64-conda-linux-gnu-cc -V >&5
x86_64-conda-linux-gnu-cc: error: unrecognized command-line option '-V'
x86_64-conda-linux-gnu-cc: fatal error: no input files
compilation terminated.
configure:12798: $? = 1
configure:12787: /home/corentin/miniconda3/envs/work-env/bin/x86_64-conda-linux-gnu-cc -qversion >&5
x86_64-conda-linux-gnu-cc: error: unrecognized command-line option '-qversion'; did you mean '--version'?
x86_64-conda-linux-gnu-cc: fatal error: no input files
compilation terminated.
configure:12798: $? = 1
configure:12802: checking whether we are using the GNU C compiler
configure:12830: result: yes
configure:12839: checking whether /home/corentin/miniconda3/envs/work-env/bin/x86_64-conda-linux-gnu-cc accepts -g
configure:12900: result: yes
configure:12917: checking for /home/corentin/miniconda3/envs/work-env/bin/x86_64-conda-linux-gnu-cc option to accept ISO C89
configure:12993: result: none needed
configure:13018: checking whether /home/corentin/miniconda3/envs/work-env/bin/x86_64-conda-linux-gnu-cc understands -c and -o together
configure:13055: result: yes
configure:13184: checking for C++ compiler version
configure:13193: /home/corentin/miniconda3/envs/work-env/bin/x86_64-conda-linux-gnu-c++ --version >&5
x86_64-conda-linux-gnu-c++ (conda-forge gcc 14.3.0-16) 14.3.0
Copyright (C) 2024 Free Software Foundation, Inc.
This is free software; see the source for copying conditions.  There is NO
warranty; not even for MERCHANTABILITY or FITNESS FOR A PARTICULAR PURPOSE.

configure:13204: $? = 0
configure:13193: /home/corentin/miniconda3/envs/work-env/bin/x86_64-conda-linux-gnu-c++ -v >&5
Reading specs from /home/corentin/miniconda3/envs/work-env/bin/../lib/gcc/x86_64-conda-linux-gnu/14.3.0/specs
Reading specs from /home/corentin/miniconda3/envs/work-env/bin/../lib/gcc/x86_64-conda-linux-gnu/14.3.0/conda.specs
COLLECT_GCC=/home/corentin/miniconda3/envs/work-env/bin/x86_64-conda-linux-gnu-c++
COLLECT_LTO_WRAPPER=/home/corentin/miniconda3/envs/work-env/bin/../libexec/gcc/x86_64-conda-linux-gnu/14.3.0/lto-wrapper
Target: x86_64-conda-linux-gnu
Configured with: ../configure --prefix=/home/conda/feedstock_root/build_artifacts/gcc_compilers_1765252982721/_h_env_placehold_placehold_placehold_placehold_placehold_placehold_placehold_placehold_placehold_placehold_placehold_placehold_placehold_placehold_placehold_placehold_placehold_placeho --with-slibdir=/home/conda/feedstock_root/build_artifacts/gcc_compilers_1765252982721/_h_env_placehold_placehold_placehold_placehold_placehold_placehold_placehold_placehold_placehold_placehold_placehold_placehold_placehold_placehold_placehold_placehold_placehold_placeho/lib --libdir=/home/conda/feedstock_root/build_artifacts/gcc_compilers_1765252982721/_h_env_placehold_placehold_placehold_placehold_placehold_placehold_placehold_placehold_placehold_placehold_placehold_placehold_placehold_placehold_placehold_placehold_placehold_placeho/lib --mandir=/home/conda/feedstock_root/build_artifacts/gcc_compilers_1765252982721/_h_env_placehold_placehold_placehold_placehold_placehold_placehold_placehold_placehold_placehold_placehold_placehold_placehold_placehold_placehold_placehold_placehold_placehold_placeho/man --build=x86_64-conda-linux-gnu --host=x86_64-conda-linux-gnu --target=x86_64-conda-linux-gnu --enable-languages=c,c++,fortran,objc,obj-c++ --enable-libgomp --disable-libssp --enable-libquadmath --enable-libquadmath-support --disable-nls --disable-bootstrap --disable-multilib --enable-long-long --without-zstd --with-native-system-header-dir=/usr/include --with-gxx-include-dir=/home/conda/feedstock_root/build_artifacts/gcc_compilers_1765252982721/_h_env_placehold_placehold_placehold_placehold_placehold_placehold_placehold_placehold_placehold_placehold_placehold_placehold_placehold_placehold_placehold_placehold_placehold_placeho/lib/gcc/x86_64-conda-linux-gnu/14.3.0/include/c++ --with-gxx-libcxx-include-dir=/home/conda/feedstock_root/build_artifacts/gcc_compilers_1765252982721/_h_env_placehold_placehold_placehold_placehold_placehold_placehold_placehold_placehold_placehold_placehold_placehold_placehold_placehold_placehold_placehold_placehold_placehold_placeho/lib/gcc/x86_64-conda-linux-gnu/14.3.0/../../../../include/c++/v1 --with-pkgversion='conda-forge gcc 14.3.0-16' --with-bugurl=https://github.com/conda-forge/ctng-compilers-feedstock/issues/new/choose --enable-libsanitizer --enable-default-pie --enable-threads=posix --enable-__cxa_atexit --with-sysroot=/home/conda/feedstock_root/build_artifacts/gcc_compilers_1765252982721/_h_env_placehold_placehold_placehold_placehold_placehold_placehold_placehold_placehold_placehold_placehold_placehold_placehold_placehold_placehold_placehold_placehold_placehold_placeho/x86_64-conda-linux-gnu/sysroot --with-build-sysroot=/home/conda/feedstock_root/build_artifacts/gcc_compilers_1765252982721/_build_env/x86_64-conda-linux-gnu/sysroot --enable-plugin --enable-lto
Thread model: posix
Supported LTO compression algorithms: zlib
gcc version 14.3.0 (conda-forge gcc 14.3.0-16) 
configure:13204: $? = 0
configure:13193: /home/corentin/miniconda3/envs/work-env/bin/x86_64-conda-linux-gnu-c++ -V >&5
x86_64-conda-linux-gnu-c++: error: unrecognized command-line option '-V'
x86_64-conda-linux-gnu-c++: fatal error: no input files
compilation terminated.
configure:13204: $? = 1
configure:13193: /home/corentin/miniconda3/envs/work-env/bin/x86_64-conda-linux-gnu-c++ -qversion >&5
x86_64-conda-linux-gnu-c++: error: unrecognized command-line option '-qversion'; did you mean '--version'?
x86_64-conda-linux-gnu-c++: fatal error: no input files
compilation terminated.
configure:13204: $? = 1
configure:13208: checking whether we are using the GNU C++ compiler
configure:13227: /home/corentin/miniconda3/envs/work-env/bin/x86_64-conda-linux-gnu-c++ -c -fvisibility-inlines-hidden -fmessage-length=0 -march=nocona -mtune=haswell -ftree-vectorize -fPIC -fstack-protector-strong -fno-plt -O2 -ffunction-sections -pipe -isystem /home/corentin/miniconda3/envs/work-env/include -DNDEBUG -D_FORTIFY_SOURCE=2 -O2 -isystem /home/corentin/miniconda3/envs/work-env/include conftest.cpp >&5
configure:13227: $? = 0
configure:13236: result: yes
configure:13245: checking whether /home/corentin/miniconda3/envs/work-env/bin/x86_64-conda-linux-gnu-c++ accepts -g
configure:13265: /home/corentin/miniconda3/envs/work-env/bin/x86_64-conda-linux-gnu-c++ -c -g -DNDEBUG -D_FORTIFY_SOURCE=2 -O2 -isystem /home/corentin/miniconda3/envs/work-env/include conftest.cpp >&5
configure:13265: $? = 0
configure:13306: result: yes
configure:13331: checking dependency style of /home/corentin/miniconda3/envs/work-env/bin/x86_64-conda-linux-gnu-c++
configure:13442: result: gcc3
configure:13475: checking how to run the C++ preprocessor
configure:13502: /home/corentin/miniconda3/envs/work-env/bin/x86_64-conda-linux-gnu-c++ -E -DNDEBUG -D_FORTIFY_SOURCE=2 -O2 -isystem /home/corentin/miniconda3/envs/work-env/include conftest.cpp
configure:13502: $? = 0
configure:13516: /home/corentin/miniconda3/envs/work-env/bin/x86_64-conda-linux-gnu-c++ -E -DNDEBUG -D_FORTIFY_SOURCE=2 -O2 -isystem /home/corentin/miniconda3/envs/work-env/include conftest.cpp
conftest.cpp:28:10: fatal error: ac_nonexistent.h: No such file or directory
   28 | #include <ac_nonexistent.h>
      |          ^~~~~~~~~~~~~~~~~~
compilation terminated.
configure:13516: $? = 1
configure: failed program was:
| /* confdefs.h */
| #define PACKAGE_NAME "caenferslib"
| #define PACKAGE_TARNAME "caenferslib"
| #define PACKAGE_VERSION "1.3.0"
| #define PACKAGE_STRING "caenferslib 1.3.0"
| #define PACKAGE_BUGREPORT "support.computing@caen.it"
| #define PACKAGE_URL ""
| #define STDC_HEADERS 1
| #define HAVE_SYS_TYPES_H 1
| #define HAVE_SYS_STAT_H 1
| #define HAVE_STDLIB_H 1
| #define HAVE_STRING_H 1
| #define HAVE_MEMORY_H 1
| #define HAVE_STRINGS_H 1
| #define HAVE_INTTYPES_H 1
| #define HAVE_STDINT_H 1
| #define HAVE_UNISTD_H 1
| #define __EXTENSIONS__ 1
| #define _ALL_SOURCE 1
| #define _GNU_SOURCE 1
| #define _POSIX_PTHREAD_SEMANTICS 1
| #define _TANDEM_SOURCE 1
| #define PACKAGE "caenferslib"
| #define VERSION "1.3.0"
| #define HAVE_DLFCN_H 1
| #define LT_OBJDIR ".libs/"
| /* end confdefs.h.  */
| #include <ac_nonexistent.h>
configure:13541: result: /home/corentin/miniconda3/envs/work-env/bin/x86_64-conda-linux-gnu-c++ -E
configure:13561: /home/corentin/miniconda3/envs/work-env/bin/x86_64-conda-linux-gnu-c++ -E -DNDEBUG -D_FORTIFY_SOURCE=2 -O2 -isystem /home/corentin/miniconda3/envs/work-env/include conftest.cpp
configure:13561: $? = 0
configure:13575: /home/corentin/miniconda3/envs/work-env/bin/x86_64-conda-linux-gnu-c++ -E -DNDEBUG -D_FORTIFY_SOURCE=2 -O2 -isystem /home/corentin/miniconda3/envs/work-env/include conftest.cpp
conftest.cpp:28:10: fatal error: ac_nonexistent.h: No such file or directory
   28 | #include <ac_nonexistent.h>
      |          ^~~~~~~~~~~~~~~~~~
compilation terminated.
configure:13575: $? = 1
configure: failed program was:
| /* confdefs.h */
| #define PACKAGE_NAME "caenferslib"
| #define PACKAGE_TARNAME "caenferslib"
| #define PACKAGE_VERSION "1.3.0"
| #define PACKAGE_STRING "caenferslib 1.3.0"
| #define PACKAGE_BUGREPORT "support.computing@caen.it"
| #define PACKAGE_URL ""
| #define STDC_HEADERS 1
| #define HAVE_SYS_TYPES_H 1
| #define HAVE_SYS_STAT_H 1
| #define HAVE_STDLIB_H 1
| #define HAVE_STRING_H 1
| #define HAVE_MEMORY_H 1
| #define HAVE_STRINGS_H 1
| #define HAVE_INTTYPES_H 1
| #define HAVE_STDINT_H 1
| #define HAVE_UNISTD_H 1
| #define __EXTENSIONS__ 1
| #define _ALL_SOURCE 1
| #define _GNU_SOURCE 1
| #define _POSIX_PTHREAD_SEMANTICS 1
| #define _TANDEM_SOURCE 1
| #define PACKAGE "caenferslib"
| #define VERSION "1.3.0"
| #define HAVE_DLFCN_H 1
| #define LT_OBJDIR ".libs/"
| /* end confdefs.h.  */
| #include <ac_nonexistent.h>
configure:13737: checking for ld used by /home/corentin/miniconda3/envs/work-env/bin/x86_64-conda-linux-gnu-c++
configure:13804: result: /home/corentin/miniconda3/envs/work-env/bin/x86_64-conda-linux-gnu-ld
configure:13811: checking if the linker (/home/corentin/miniconda3/envs/work-env/bin/x86_64-conda-linux-gnu-ld) is GNU ld
configure:13826: result: yes
configure:13881: checking whether the /home/corentin/miniconda3/envs/work-env/bin/x86_64-conda-linux-gnu-c++ linker (/home/corentin/miniconda3/envs/work-env/bin/x86_64-conda-linux-gnu-ld) supports shared libraries
configure:14954: result: yes
configure:14990: /home/corentin/miniconda3/envs/work-env/bin/x86_64-conda-linux-gnu-c++ -c -fvisibility-inlines-hidden -fmessage-length=0 -march=nocona -mtune=haswell -ftree-vectorize -fPIC -fstack-protector-strong -fno-plt -O2 -ffunction-sections -pipe -isystem /home/corentin/miniconda3/envs/work-env/include -DNDEBUG -D_FORTIFY_SOURCE=2 -O2 -isystem /home/corentin/miniconda3/envs/work-env/include conftest.cpp >&5
configure:14993: $? = 0
configure:15474: checking for /home/corentin/miniconda3/envs/work-env/bin/x86_64-conda-linux-gnu-c++ option to produce PIC
configure:15481: result: -fPIC -DPIC
configure:15489: checking if /home/corentin/miniconda3/envs/work-env/bin/x86_64-conda-linux-gnu-c++ PIC flag -fPIC -DPIC works
configure:15507: /home/corentin/miniconda3/envs/work-env/bin/x86_64-conda-linux-gnu-c++ -c -fvisibility-inlines-hidden -fmessage-length=0 -march=nocona -mtune=haswell -ftree-vectorize -fPIC -fstack-protector-strong -fno-plt -O2 -ffunction-sections -pipe -isystem /home/corentin/miniconda3/envs/work-env/include -DNDEBUG -D_FORTIFY_SOURCE=2 -O2 -isystem /home/corentin/miniconda3/envs/work-env/include -fPIC -DPIC -DPIC conftest.cpp >&5
configure:15511: $? = 0
configure:15524: result: yes
configure:15547: checking if /home/corentin/miniconda3/envs/work-env/bin/x86_64-conda-linux-gnu-c++ static flag -static works
configure:15575: result: yes
configure:15587: checking if /home/corentin/miniconda3/envs/work-env/bin/x86_64-conda-linux-gnu-c++ supports -c -o file.o
configure:15608: /home/corentin/miniconda3/envs/work-env/bin/x86_64-conda-linux-gnu-c++ -c -fvisibility-inlines-hidden -fmessage-length=0 -march=nocona -mtune=haswell -ftree-vectorize -fPIC -fstack-protector-strong -fno-plt -O2 -ffunction-sections -pipe -isystem /home/corentin/miniconda3/envs/work-env/include -DNDEBUG -D_FORTIFY_SOURCE=2 -O2 -isystem /home/corentin/miniconda3/envs/work-env/include -o out/conftest2.o conftest.cpp >&5
configure:15612: $? = 0
configure:15634: result: yes
configure:15639: checking if /home/corentin/miniconda3/envs/work-env/bin/x86_64-conda-linux-gnu-c++ supports -c -o file.o
configure:15686: result: yes
configure:15716: checking whether the /home/corentin/miniconda3/envs/work-env/bin/x86_64-conda-linux-gnu-c++ linker (/home/corentin/miniconda3/envs/work-env/bin/x86_64-conda-linux-gnu-ld) supports shared libraries
configure:15759: result: yes
configure:15900: checking dynamic linker characteristics
configure:16657: result: GNU/Linux ld.so
configure:16722: checking how to hardcode library paths into programs
configure:16747: result: immediate
configure:16804: checking whether /home/corentin/miniconda3/envs/work-env/bin/x86_64-conda-linux-gnu-c++ supports C++17 features with -std=c++17
configure:17600: /home/corentin/miniconda3/envs/work-env/bin/x86_64-conda-linux-gnu-c++ -std=c++17 -c -fvisibility-inlines-hidden -fmessage-length=0 -march=nocona -mtune=haswell -ftree-vectorize -fPIC -fstack-protector-strong -fno-plt -O2 -ffunction-sections -pipe -isystem /home/corentin/miniconda3/envs/work-env/include -DNDEBUG -D_FORTIFY_SOURCE=2 -O2 -isystem /home/corentin/miniconda3/envs/work-env/include conftest.cpp >&5
configure:17600: $? = 0
configure:17609: result: yes
configure:17670: checking for x86_64-conda-linux-gnu-pkg-config
configure:17703: result: no
configure:17713: checking for pkg-config
configure:17731: found /usr/bin/pkg-config
configure:17743: result: /usr/bin/pkg-config
configure:17768: checking pkg-config is at least version 0.9.0
configure:17771: result: yes
configure:17781: checking for LIBUSB
configure:17788: $PKG_CONFIG --exists --print-errors "libusb-1.0"
Package libusb-1.0 was not found in the pkg-config search path.
Perhaps you should add the directory containing `libusb-1.0.pc'
to the PKG_CONFIG_PATH environment variable
Package 'libusb-1.0', required by 'virtual:world', not found
configure:17791: $? = 1
configure:17805: $PKG_CONFIG --exists --print-errors "libusb-1.0"
Package libusb-1.0 was not found in the pkg-config search path.
Perhaps you should add the directory containing `libusb-1.0.pc'
to the PKG_CONFIG_PATH environment variable
Package 'libusb-1.0', required by 'virtual:world', not found
configure:17808: $? = 1
configure:17822: result: no
Package 'libusb-1.0', required by 'virtual:world', not found
configure:17838: error: libusb-1.0 is required but it was not found.

## ---------------- ##
## Cache variables. ##
## ---------------- ##

ac_cv_build=x86_64-conda-linux-gnu
ac_cv_c_compiler_gnu=yes
ac_cv_cxx_compiler_gnu=yes
ac_cv_env_CCC_set=
ac_cv_env_CCC_value=
ac_cv_env_CC_set=set
ac_cv_env_CC_value=/home/corentin/miniconda3/envs/work-env/bin/x86_64-conda-linux-gnu-cc
ac_cv_env_CFLAGS_set=set
ac_cv_env_CFLAGS_value='-march=nocona -mtune=haswell -ftree-vectorize -fPIC -fstack-protector-strong -fno-plt -O2 -ffunction-sections -pipe -isystem /home/corentin/miniconda3/envs/work-env/include'
ac_cv_env_CPPFLAGS_set=set
ac_cv_env_CPPFLAGS_value='-DNDEBUG -D_FORTIFY_SOURCE=2 -O2 -isystem /home/corentin/miniconda3/envs/work-env/include'
ac_cv_env_CPP_set=set
ac_cv_env_CPP_value=/home/corentin/miniconda3/envs/work-env/bin/x86_64-conda-linux-gnu-cpp
ac_cv_env_CXXCPP_set=
ac_cv_env_CXXCPP_value=
ac_cv_env_CXXFLAGS_set=set
ac_cv_env_CXXFLAGS_value='-fvisibility-inlines-hidden -fmessage-length=0 -march=nocona -mtune=haswell -ftree-vectorize -fPIC -fstack-protector-strong -fno-plt -O2 -ffunction-sections -pipe -isystem /home/corentin/miniconda3/envs/work-env/include'
ac_cv_env_CXX_set=set
ac_cv_env_CXX_value=/home/corentin/miniconda3/envs/work-env/bin/x86_64-conda-linux-gnu-c++
ac_cv_env_LDFLAGS_set=set
ac_cv_env_LDFLAGS_value='-Wl,-O2 -Wl,--sort-common -Wl,--as-needed -Wl,-z,relro -Wl,-z,now -Wl,--disable-new-dtags -Wl,--gc-sections -Wl,--allow-shlib-undefined -Wl,-rpath,/home/corentin/miniconda3/envs/work-env/lib -Wl,-rpath-link,/home/corentin/miniconda3/envs/work-env/lib -L/home/corentin/miniconda3/envs/work-env/lib'
ac_cv_env_LIBS_set=
ac_cv_env_LIBS_value=
ac_cv_env_LIBUSB_CFLAGS_set=
ac_cv_env_LIBUSB_CFLAGS_value=
ac_cv_env_LIBUSB_LIBS_set=
ac_cv_env_LIBUSB_LIBS_value=
ac_cv_env_LT_SYS_LIBRARY_PATH_set=
ac_cv_env_LT_SYS_LIBRARY_PATH_value=
ac_cv_env_PKG_CONFIG_LIBDIR_set=
ac_cv_env_PKG_CONFIG_LIBDIR_value=
ac_cv_env_PKG_CONFIG_PATH_set=
ac_cv_env_PKG_CONFIG_PATH_value=
ac_cv_env_PKG_CONFIG_set=
ac_cv_env_PKG_CONFIG_value=
ac_cv_env_build_alias_set=set
ac_cv_env_build_alias_value=x86_64-conda-linux-gnu
ac_cv_env_host_alias_set=set
ac_cv_env_host_alias_value=x86_64-conda-linux-gnu
ac_cv_env_target_alias_set=
ac_cv_env_target_alias_value=
ac_cv_header_dlfcn_h=yes
ac_cv_header_inttypes_h=yes
ac_cv_header_memory_h=yes
ac_cv_header_minix_config_h=no
ac_cv_header_stdc=yes
ac_cv_header_stdint_h=yes
ac_cv_header_stdlib_h=yes
ac_cv_header_string_h=yes
ac_cv_header_strings_h=yes
ac_cv_header_sys_stat_h=yes
ac_cv_header_sys_types_h=yes
ac_cv_header_unistd_h=yes
ac_cv_host=x86_64-conda-linux-gnu
ac_cv_objext=o
ac_cv_path_EGREP='/usr/bin/grep -E'
ac_cv_path_FGREP='/usr/bin/grep -F'
ac_cv_path_GREP=/usr/bin/grep
ac_cv_path_SED=/usr/bin/sed
ac_cv_path_ac_pt_PKG_CONFIG=/usr/bin/pkg-config
ac_cv_path_install='/usr/bin/install -c'
ac_cv_path_lt_DD=/usr/bin/dd
ac_cv_path_mkdir=/usr/bin/mkdir
ac_cv_prog_AR=/home/corentin/miniconda3/envs/work-env/bin/x86_64-conda-linux-gnu-ar
ac_cv_prog_AWK=mawk
ac_cv_prog_CC=/home/corentin/miniconda3/envs/work-env/bin/x86_64-conda-linux-gnu-cc
ac_cv_prog_CPP=/home/corentin/miniconda3/envs/work-env/bin/x86_64-conda-linux-gnu-cpp
ac_cv_prog_CXXCPP='/home/corentin/miniconda3/envs/work-env/bin/x86_64-conda-linux-gnu-c++ -E'
ac_cv_prog_OBJDUMP=/home/corentin/miniconda3/envs/work-env/bin/x86_64-conda-linux-gnu-objdump
ac_cv_prog_RANLIB=/home/corentin/miniconda3/envs/work-env/bin/x86_64-conda-linux-gnu-ranlib
ac_cv_prog_STRIP=/home/corentin/miniconda3/envs/work-env/bin/x86_64-conda-linux-gnu-strip
ac_cv_prog_ac_ct_MANIFEST_TOOL=mt
ac_cv_prog_cc_c89=
ac_cv_prog_cc_g=yes
ac_cv_prog_cxx_g=yes
ac_cv_prog_make_make_set=yes
ac_cv_safe_to_define___extensions__=yes
am_cv_CC_dependencies_compiler_type=gcc3
am_cv_CXX_dependencies_compiler_type=gcc3
am_cv_ar_interface=ar
am_cv_make_support_nested_variables=yes
am_cv_prog_cc_c_o=yes
am_cv_prog_tar_ustar=gnutar
ax_cv_cxx_compile_cxx17__std_cpp17=yes
lt_cv_ar_at_file=@
lt_cv_archive_cmds_need_lc=no
lt_cv_deplibs_check_method=pass_all
lt_cv_file_magic_cmd='$MAGIC_CMD'
lt_cv_file_magic_test_file=
lt_cv_ld_reload_flag=-r
lt_cv_nm_interface='BSD nm'
lt_cv_objdir=.libs
lt_cv_path_LD=/home/corentin/miniconda3/envs/work-env/bin/x86_64-conda-linux-gnu-ld
lt_cv_path_LDCXX=/home/corentin/miniconda3/envs/work-env/bin/x86_64-conda-linux-gnu-ld
lt_cv_path_NM=/home/corentin/miniconda3/envs/work-env/bin/x86_64-conda-linux-gnu-nm
lt_cv_path_mainfest_tool=no
lt_cv_prog_compiler_c_o=yes
lt_cv_prog_compiler_c_o_CXX=yes
lt_cv_prog_compiler_pic='-fPIC -DPIC'
lt_cv_prog_compiler_pic_CXX='-fPIC -DPIC'
lt_cv_prog_compiler_pic_works=yes
lt_cv_prog_compiler_pic_works_CXX=yes
lt_cv_prog_compiler_rtti_exceptions=no
lt_cv_prog_compiler_static_works=yes
lt_cv_prog_compiler_static_works_CXX=yes
lt_cv_prog_gnu_ld=yes
lt_cv_prog_gnu_ldcxx=yes
lt_cv_sharedlib_from_linklib_cmd='printf %s\n'
lt_cv_shlibpath_overrides_runpath=no
lt_cv_sys_global_symbol_pipe='sed -n -e '\''s/^.*[	 ]\([ABCDGIRSTW][ABCDGIRSTW]*\)[	 ][	 ]*\([_A-Za-z][_A-Za-z0-9]*\)$/\1 \2 \2/p'\'' | sed '\''/ __gnu_lto/d'\'''
lt_cv_sys_global_symbol_to_c_name_address='sed -n -e '\''s/^: \(.*\) .*$/  {"\1", (void *) 0},/p'\'' -e '\''s/^[ABCDGIRSTW][ABCDGIRSTW]* .* \(.*\)$/  {"\1", (void *) \&\1},/p'\'''
lt_cv_sys_global_symbol_to_c_name_address_lib_prefix='sed -n -e '\''s/^: \(.*\) .*$/  {"\1", (void *) 0},/p'\'' -e '\''s/^[ABCDGIRSTW][ABCDGIRSTW]* .* \(lib.*\)$/  {"\1", (void *) \&\1},/p'\'' -e '\''s/^[ABCDGIRSTW][ABCDGIRSTW]* .* \(.*\)$/  {"lib\1", (void *) \&\1},/p'\'''
lt_cv_sys_global_symbol_to_cdecl='sed -n -e '\''s/^T .* \(.*\)$/extern int \1();/p'\'' -e '\''s/^[ABCDGIRSTW][ABCDGIRSTW]* .* \(.*\)$/extern char \1;/p'\'''
lt_cv_sys_global_symbol_to_import=
lt_cv_sys_max_cmd_len=1572864
lt_cv_to_host_file_cmd=func_convert_file_noop
lt_cv_to_tool_file_cmd=func_convert_file_noop
lt_cv_truncate_bin='/usr/bin/dd bs=4096 count=1'

## ----------------- ##
## Output variables. ##
## ----------------- ##

ACLOCAL='${SHELL} /mnt/c/Users/coren/OneDrive/Varsovie/Janus/ferslib/caenferslib-1.3.0/missing aclocal-1.16'
AMDEPBACKSLASH='\'
AMDEP_FALSE='#'
AMDEP_TRUE=''
AMTAR='$${TAR-tar}'
AM_BACKSLASH='\'
AM_DEFAULT_V='$(AM_DEFAULT_VERBOSITY)'
AM_DEFAULT_VERBOSITY='1'
AM_V='$(V)'
AR='/home/corentin/miniconda3/envs/work-env/bin/x86_64-conda-linux-gnu-ar'
AUTOCONF='${SHELL} /mnt/c/Users/coren/OneDrive/Varsovie/Janus/ferslib/caenferslib-1.3.0/missing autoconf'
AUTOHEADER='${SHELL} /mnt/c/Users/coren/OneDrive/Varsovie/Janus/ferslib/caenferslib-1.3.0/missing autoheader'
AUTOMAKE='${SHELL} /mnt/c/Users/coren/OneDrive/Varsovie/Janus/ferslib/caenferslib-1.3.0/missing automake-1.16'
AWK='mawk'
CC='/home/corentin/miniconda3/envs/work-env/bin/x86_64-conda-linux-gnu-cc'
CCDEPMODE='depmode=gcc3'
CFLAGS='-march=nocona -mtune=haswell -ftree-vectorize -fPIC -fstack-protector-strong -fno-plt -O2 -ffunction-sections -pipe -isystem /home/corentin/miniconda3/envs/work-env/include -Dlinux'
CPP='/home/corentin/miniconda3/envs/work-env/bin/x86_64-conda-linux-gnu-cpp'
CPPFLAGS='-DNDEBUG -D_FORTIFY_SOURCE=2 -O2 -isystem /home/corentin/miniconda3/envs/work-env/include'
CXX='/home/corentin/miniconda3/envs/work-env/bin/x86_64-conda-linux-gnu-c++ -std=c++17'
CXXCPP='/home/corentin/miniconda3/envs/work-env/bin/x86_64-conda-linux-gnu-c++ -E -std=c++17'
CXXDEPMODE='depmode=gcc3'
CXXFLAGS='-fvisibility-inlines-hidden -fmessage-length=0 -march=nocona -mtune=haswell -ftree-vectorize -fPIC -fstack-protector-strong -fno-plt -O2 -ffunction-sections -pipe -isystem /home/corentin/miniconda3/envs/work-env/include -Dlinux'
CYGPATH_W='echo'
DEFS=''
DEPDIR='.deps'
DLLTOOL='false'
DSYMUTIL=''
DUMPBIN=''
ECHO_C=''
ECHO_N='-n'
ECHO_T=''
EGREP='/usr/bin/grep -E'
EXEEXT=''
FGREP='/usr/bin/grep -F'
GREP='/usr/bin/grep'
HAVE_CXX17='1'
INSTALL_DATA='${INSTALL} -m 644'
INSTALL_PROGRAM='${INSTALL}'
INSTALL_SCRIPT='${INSTALL}'
INSTALL_STRIP_PROGRAM='$(install_sh) -c -s'
LD='/home/corentin/miniconda3/envs/work-env/bin/x86_64-conda-linux-gnu-ld'
LDFLAGS='-Wl,-O2 -Wl,--sort-common -Wl,--as-needed -Wl,-z,relro -Wl,-z,now -Wl,--disable-new-dtags -Wl,--gc-sections -Wl,--allow-shlib-undefined -Wl,-rpath,/home/corentin/miniconda3/envs/work-env/lib -Wl,-rpath-link,/home/corentin/miniconda3/envs/work-env/lib -L/home/corentin/miniconda3/envs/work-env/lib'
LIBOBJS=''
LIBS=''
LIBTOOL='$(SHELL) $(top_builddir)/libtool'
LIBUSB_CFLAGS=''
LIBUSB_LIBS=''
LIPO=''
LN_S='ln -s'
LTLIBOBJS=''
LT_SYS_LIBRARY_PATH=''
MAKEINFO='${SHELL} /mnt/c/Users/coren/OneDrive/Varsovie/Janus/ferslib/caenferslib-1.3.0/missing makeinfo'
MANIFEST_TOOL=':'
MKDIR_P='/usr/bin/mkdir -p'
NM='/home/corentin/miniconda3/envs/work-env/bin/x86_64-conda-linux-gnu-nm'
NMEDIT=''
OBJDUMP='/home/corentin/miniconda3/envs/work-env/bin/x86_64-conda-linux-gnu-objdump'
OBJEXT='o'
OTOOL64=''
OTOOL=''
PACKAGE='caenferslib'
PACKAGE_BUGREPORT='support.computing@caen.it'
PACKAGE_NAME='caenferslib'
PACKAGE_STRING='caenferslib 1.3.0'
PACKAGE_TARNAME='caenferslib'
PACKAGE_URL=''
PACKAGE_VERSION='1.3.0'
PATH_SEPARATOR=':'
PKG_CONFIG='/usr/bin/pkg-config'
PKG_CONFIG_LIBDIR=''
PKG_CONFIG_PATH=''
PTHREAD_CC=''
PTHREAD_CFLAGS=''
PTHREAD_CXX=''
PTHREAD_LIBS=''
RANLIB='/home/corentin/miniconda3/envs/work-env/bin/x86_64-conda-linux-gnu-ranlib'
SED='/usr/bin/sed'
SET_MAKE=''
SHELL='/bin/bash'
STRIP='/home/corentin/miniconda3/envs/work-env/bin/x86_64-conda-linux-gnu-strip'
VERSION='1.3.0'
ac_ct_AR=''
ac_ct_CC=''
ac_ct_CXX=''
ac_ct_DUMPBIN=''
am__EXEEXT_FALSE=''
am__EXEEXT_TRUE=''
am__fastdepCC_FALSE='#'
am__fastdepCC_TRUE=''
am__fastdepCXX_FALSE='#'
am__fastdepCXX_TRUE=''
am__include='include'
am__isrc=''
am__leading_dot='.'
am__nodep='_no'
am__quote=''
am__tar='tar --format=ustar -chf - "$$tardir"'
am__untar='tar -xf -'
ax_pthread_config=''
bindir='${exec_prefix}/bin'
build='x86_64-conda-linux-gnu'
build_alias='x86_64-conda-linux-gnu'
build_cpu='x86_64'
build_os='linux-gnu'
build_vendor='conda'
datadir='${datarootdir}'
datarootdir='${prefix}/share'
docdir='${datarootdir}/doc/${PACKAGE_TARNAME}'
dvidir='${docdir}'
exec_prefix='NONE'
host='x86_64-conda-linux-gnu'
host_alias='x86_64-conda-linux-gnu'
host_cpu='x86_64'
host_os='linux-gnu'
host_vendor='conda'
htmldir='${docdir}'
includedir='${prefix}/include'
infodir='${datarootdir}/info'
install_sh='${SHELL} /mnt/c/Users/coren/OneDrive/Varsovie/Janus/ferslib/caenferslib-1.3.0/install-sh'
libdir='${exec_prefix}/lib'
libexecdir='${exec_prefix}/libexec'
localedir='${datarootdir}/locale'
localstatedir='${prefix}/var'
mandir='${datarootdir}/man'
mkdir_p='$(MKDIR_P)'
oldincludedir='/usr/include'
pdfdir='${docdir}'
prefix='NONE'
program_transform_name='s,x,x,'
psdir='${docdir}'
runstatedir='${localstatedir}/run'
sbindir='${exec_prefix}/sbin'
sharedstatedir='${prefix}/com'
sysconfdir='${prefix}/etc'
target_alias=''

## ----------- ##
## confdefs.h. ##
## ----------- ##

/* confdefs.h */
#define PACKAGE_NAME "caenferslib"
#define PACKAGE_TARNAME "caenferslib"
#define PACKAGE_VERSION "1.3.0"
#define PACKAGE_STRING "caenferslib 1.3.0"
#define PACKAGE_BUGREPORT "support.computing@caen.it"
#define PACKAGE_URL ""
#define STDC_HEADERS 1
#define HAVE_SYS_TYPES_H 1
#define HAVE_SYS_STAT_H 1
#define HAVE_STDLIB_H 1
#define HAVE_STRING_H 1
#define HAVE_MEMORY_H 1
#define HAVE_STRINGS_H 1
#define HAVE_INTTYPES_H 1
#define HAVE_STDINT_H 1
#define HAVE_UNISTD_H 1
#define __EXTENSIONS__ 1
#define _ALL_SOURCE 1
#define _GNU_SOURCE 1
#define _POSIX_PTHREAD_SEMANTICS 1
#define _TANDEM_SOURCE 1
#define PACKAGE "caenferslib"
#define VERSION "1.3.0"
#define HAVE_DLFCN_H 1
#define LT_OBJDIR ".libs/"
#define HAVE_CXX17 1

configure: exit 1
